Archive member included to satisfy reference by file (symbol)

c:/st/stm32cubeide_1.3.0/stm32cubeide/plugins/com.st.stm32cube.ide.mcu.externaltools.gnu-tools-for-stm32.7-2018-q2-update.win32_1.0.0.201904181610/tools/bin/../lib/gcc/arm-none-eabi/7.3.1/../../../../arm-none-eabi/lib/thumb/v7e-m/fpv4-sp/hard\libc_nano.a(lib_a-errno.o)
                              Core/Src/syscalls.o (__errno)
c:/st/stm32cubeide_1.3.0/stm32cubeide/plugins/com.st.stm32cube.ide.mcu.externaltools.gnu-tools-for-stm32.7-2018-q2-update.win32_1.0.0.201904181610/tools/bin/../lib/gcc/arm-none-eabi/7.3.1/../../../../arm-none-eabi/lib/thumb/v7e-m/fpv4-sp/hard\libc_nano.a(lib_a-exit.o)
                              c:/st/stm32cubeide_1.3.0/stm32cubeide/plugins/com.st.stm32cube.ide.mcu.externaltools.gnu-tools-for-stm32.7-2018-q2-update.win32_1.0.0.201904181610/tools/bin/../lib/gcc/arm-none-eabi/7.3.1/../../../../arm-none-eabi/lib/thumb/v7e-m/fpv4-sp/hard/crt0.o (exit)
c:/st/stm32cubeide_1.3.0/stm32cubeide/plugins/com.st.stm32cube.ide.mcu.externaltools.gnu-tools-for-stm32.7-2018-q2-update.win32_1.0.0.201904181610/tools/bin/../lib/gcc/arm-none-eabi/7.3.1/../../../../arm-none-eabi/lib/thumb/v7e-m/fpv4-sp/hard\libc_nano.a(lib_a-impure.o)
                              c:/st/stm32cubeide_1.3.0/stm32cubeide/plugins/com.st.stm32cube.ide.mcu.externaltools.gnu-tools-for-stm32.7-2018-q2-update.win32_1.0.0.201904181610/tools/bin/../lib/gcc/arm-none-eabi/7.3.1/../../../../arm-none-eabi/lib/thumb/v7e-m/fpv4-sp/hard\libc_nano.a(lib_a-exit.o) (_global_impure_ptr)
c:/st/stm32cubeide_1.3.0/stm32cubeide/plugins/com.st.stm32cube.ide.mcu.externaltools.gnu-tools-for-stm32.7-2018-q2-update.win32_1.0.0.201904181610/tools/bin/../lib/gcc/arm-none-eabi/7.3.1/../../../../arm-none-eabi/lib/thumb/v7e-m/fpv4-sp/hard\libc_nano.a(lib_a-init.o)
                              c:/st/stm32cubeide_1.3.0/stm32cubeide/plugins/com.st.stm32cube.ide.mcu.externaltools.gnu-tools-for-stm32.7-2018-q2-update.win32_1.0.0.201904181610/tools/bin/../lib/gcc/arm-none-eabi/7.3.1/../../../../arm-none-eabi/lib/thumb/v7e-m/fpv4-sp/hard/crt0.o (__libc_init_array)
c:/st/stm32cubeide_1.3.0/stm32cubeide/plugins/com.st.stm32cube.ide.mcu.externaltools.gnu-tools-for-stm32.7-2018-q2-update.win32_1.0.0.201904181610/tools/bin/../lib/gcc/arm-none-eabi/7.3.1/../../../../arm-none-eabi/lib/thumb/v7e-m/fpv4-sp/hard\libc_nano.a(lib_a-memset.o)
                              c:/st/stm32cubeide_1.3.0/stm32cubeide/plugins/com.st.stm32cube.ide.mcu.externaltools.gnu-tools-for-stm32.7-2018-q2-update.win32_1.0.0.201904181610/tools/bin/../lib/gcc/arm-none-eabi/7.3.1/../../../../arm-none-eabi/lib/thumb/v7e-m/fpv4-sp/hard/crt0.o (memset)
c:/st/stm32cubeide_1.3.0/stm32cubeide/plugins/com.st.stm32cube.ide.mcu.externaltools.gnu-tools-for-stm32.7-2018-q2-update.win32_1.0.0.201904181610/tools/bin/../lib/gcc/arm-none-eabi/7.3.1/thumb/v7e-m/fpv4-sp/hard\libgcc.a(_aeabi_uldivmod.o)
                              Drivers/STM32F7xx_HAL_Driver/Src/stm32f7xx_hal_rcc.o (__aeabi_uldivmod)
c:/st/stm32cubeide_1.3.0/stm32cubeide/plugins/com.st.stm32cube.ide.mcu.externaltools.gnu-tools-for-stm32.7-2018-q2-update.win32_1.0.0.201904181610/tools/bin/../lib/gcc/arm-none-eabi/7.3.1/thumb/v7e-m/fpv4-sp/hard\libgcc.a(_udivmoddi4.o)
                              c:/st/stm32cubeide_1.3.0/stm32cubeide/plugins/com.st.stm32cube.ide.mcu.externaltools.gnu-tools-for-stm32.7-2018-q2-update.win32_1.0.0.201904181610/tools/bin/../lib/gcc/arm-none-eabi/7.3.1/thumb/v7e-m/fpv4-sp/hard\libgcc.a(_aeabi_uldivmod.o) (__udivmoddi4)
c:/st/stm32cubeide_1.3.0/stm32cubeide/plugins/com.st.stm32cube.ide.mcu.externaltools.gnu-tools-for-stm32.7-2018-q2-update.win32_1.0.0.201904181610/tools/bin/../lib/gcc/arm-none-eabi/7.3.1/thumb/v7e-m/fpv4-sp/hard\libgcc.a(_dvmd_tls.o)
                              c:/st/stm32cubeide_1.3.0/stm32cubeide/plugins/com.st.stm32cube.ide.mcu.externaltools.gnu-tools-for-stm32.7-2018-q2-update.win32_1.0.0.201904181610/tools/bin/../lib/gcc/arm-none-eabi/7.3.1/thumb/v7e-m/fpv4-sp/hard\libgcc.a(_aeabi_uldivmod.o) (__aeabi_ldiv0)

Allocating common symbols
Common symbol       size              file

uwTick              0x4               Drivers/STM32F7xx_HAL_Driver/Src/stm32f7xx_hal.o
pFlash              0x1c              Drivers/STM32F7xx_HAL_Driver/Src/stm32f7xx_hal_flash.o
hltdc               0xa8              Core/Src/main.o
huart6              0x80              Core/Src/main.o
hsdram1             0x34              Core/Src/main.o
hqspi               0x4c              Core/Src/main.o

Discarded input sections

 .text          0x0000000000000000        0x0 c:/st/stm32cubeide_1.3.0/stm32cubeide/plugins/com.st.stm32cube.ide.mcu.externaltools.gnu-tools-for-stm32.7-2018-q2-update.win32_1.0.0.201904181610/tools/bin/../lib/gcc/arm-none-eabi/7.3.1/thumb/v7e-m/fpv4-sp/hard/crti.o
[...]
Memory Configuration

Name             Origin             Length             Attributes
FLASH            0x0000000090000000 0x0000000001000000 xr
RAM              0x00000000c0000000 0x0000000000800000 xrw
*default*        0x0000000000000000 0xffffffffffffffff

Linker script and memory map

LOAD c:/st/stm32cubeide_1.3.0/stm32cubeide/plugins/com.st.stm32cube.ide.mcu.externaltools.gnu-tools-for-stm32.7-2018-q2-update.win32_1.0.0.201904181610/tools/bin/../lib/gcc/arm-none-eabi/7.3.1/thumb/v7e-m/fpv4-sp/hard/crti.o
LOAD c:/st/stm32cubeide_1.3.0/stm32cubeide/plugins/com.st.stm32cube.ide.mcu.externaltools.gnu-tools-for-stm32.7-2018-q2-update.win32_1.0.0.201904181610/tools/bin/../lib/gcc/arm-none-eabi/7.3.1/thumb/v7e-m/fpv4-sp/hard/crtbegin.o
LOAD c:/st/stm32cubeide_1.3.0/stm32cubeide/plugins/com.st.stm32cube.ide.mcu.externaltools.gnu-tools-for-stm32.7-2018-q2-update.win32_1.0.0.201904181610/tools/bin/../lib/gcc/arm-none-eabi/7.3.1/../../../../arm-none-eabi/lib/thumb/v7e-m/fpv4-sp/hard/crt0.o
LOAD Core/Src/main.o
LOAD Core/Src/stm32f7xx_hal_msp.o
LOAD Core/Src/stm32f7xx_it.o
LOAD Core/Src/syscalls.o
LOAD Core/Src/sysmem.o
LOAD Core/Src/system_stm32f7xx.o
LOAD Core/Startup/startup_stm32f750n8hx.o
LOAD Drivers/STM32F7xx_HAL_Driver/Src/stm32f7xx_hal.o
LOAD Drivers/STM32F7xx_HAL_Driver/Src/stm32f7xx_hal_cortex.o
LOAD Drivers/STM32F7xx_HAL_Driver/Src/stm32f7xx_hal_dma.o
LOAD Drivers/STM32F7xx_HAL_Driver/Src/stm32f7xx_hal_dma_ex.o
LOAD Drivers/STM32F7xx_HAL_Driver/Src/stm32f7xx_hal_dsi.o
LOAD Drivers/STM32F7xx_HAL_Driver/Src/stm32f7xx_hal_exti.o
LOAD Drivers/STM32F7xx_HAL_Driver/Src/stm32f7xx_hal_flash.o
LOAD Drivers/STM32F7xx_HAL_Driver/Src/stm32f7xx_hal_flash_ex.o
LOAD Drivers/STM32F7xx_HAL_Driver/Src/stm32f7xx_hal_gpio.o
LOAD Drivers/STM32F7xx_HAL_Driver/Src/stm32f7xx_hal_i2c.o
LOAD Drivers/STM32F7xx_HAL_Driver/Src/stm32f7xx_hal_i2c_ex.o
LOAD Drivers/STM32F7xx_HAL_Driver/Src/stm32f7xx_hal_ltdc.o
LOAD Drivers/STM32F7xx_HAL_Driver/Src/stm32f7xx_hal_ltdc_ex.o
LOAD Drivers/STM32F7xx_HAL_Driver/Src/stm32f7xx_hal_pwr.o
LOAD Drivers/STM32F7xx_HAL_Driver/Src/stm32f7xx_hal_pwr_ex.o
LOAD Drivers/STM32F7xx_HAL_Driver/Src/stm32f7xx_hal_qspi.o
LOAD Drivers/STM32F7xx_HAL_Driver/Src/stm32f7xx_hal_rcc.o
LOAD Drivers/STM32F7xx_HAL_Driver/Src/stm32f7xx_hal_rcc_ex.o
LOAD Drivers/STM32F7xx_HAL_Driver/Src/stm32f7xx_hal_sdram.o
LOAD Drivers/STM32F7xx_HAL_Driver/Src/stm32f7xx_hal_tim.o
LOAD Drivers/STM32F7xx_HAL_Driver/Src/stm32f7xx_hal_tim_ex.o
LOAD Drivers/STM32F7xx_HAL_Driver/Src/stm32f7xx_hal_uart.o
LOAD Drivers/STM32F7xx_HAL_Driver/Src/stm32f7xx_hal_uart_ex.o
LOAD Drivers/STM32F7xx_HAL_Driver/Src/stm32f7xx_ll_fmc.o
START GROUP
LOAD c:/st/stm32cubeide_1.3.0/stm32cubeide/plugins/com.st.stm32cube.ide.mcu.externaltools.gnu-tools-for-stm32.7-2018-q2-update.win32_1.0.0.201904181610/tools/bin/../lib/gcc/arm-none-eabi/7.3.1/../../../../arm-none-eabi/lib/thumb/v7e-m/fpv4-sp/hard\libc_nano.a
LOAD c:/st/stm32cubeide_1.3.0/stm32cubeide/plugins/com.st.stm32cube.ide.mcu.externaltools.gnu-tools-for-stm32.7-2018-q2-update.win32_1.0.0.201904181610/tools/bin/../lib/gcc/arm-none-eabi/7.3.1/../../../../arm-none-eabi/lib/thumb/v7e-m/fpv4-sp/hard\libm.a
END GROUP
START GROUP
LOAD c:/st/stm32cubeide_1.3.0/stm32cubeide/plugins/com.st.stm32cube.ide.mcu.externaltools.gnu-tools-for-stm32.7-2018-q2-update.win32_1.0.0.201904181610/tools/bin/../lib/gcc/arm-none-eabi/7.3.1/thumb/v7e-m/fpv4-sp/hard\libgcc.a
LOAD c:/st/stm32cubeide_1.3.0/stm32cubeide/plugins/com.st.stm32cube.ide.mcu.externaltools.gnu-tools-for-stm32.7-2018-q2-update.win32_1.0.0.201904181610/tools/bin/../lib/gcc/arm-none-eabi/7.3.1/../../../../arm-none-eabi/lib/thumb/v7e-m/fpv4-sp/hard\libc_nano.a
END GROUP
START GROUP
LOAD c:/st/stm32cubeide_1.3.0/stm32cubeide/plugins/com.st.stm32cube.ide.mcu.externaltools.gnu-tools-for-stm32.7-2018-q2-update.win32_1.0.0.201904181610/tools/bin/../lib/gcc/arm-none-eabi/7.3.1/thumb/v7e-m/fpv4-sp/hard\libgcc.a
LOAD c:/st/stm32cubeide_1.3.0/stm32cubeide/plugins/com.st.stm32cube.ide.mcu.externaltools.gnu-tools-for-stm32.7-2018-q2-update.win32_1.0.0.201904181610/tools/bin/../lib/gcc/arm-none-eabi/7.3.1/../../../../arm-none-eabi/lib/thumb/v7e-m/fpv4-sp/hard\libc_nano.a
LOAD c:/st/stm32cubeide_1.3.0/stm32cubeide/plugins/com.st.stm32cube.ide.mcu.externaltools.gnu-tools-for-stm32.7-2018-q2-update.win32_1.0.0.201904181610/tools/bin/../lib/gcc/arm-none-eabi/7.3.1/../../../../arm-none-eabi/lib/thumb/v7e-m/fpv4-sp/hard\libnosys.a
END GROUP
START GROUP
LOAD c:/st/stm32cubeide_1.3.0/stm32cubeide/plugins/com.st.stm32cube.ide.mcu.externaltools.gnu-tools-for-stm32.7-2018-q2-update.win32_1.0.0.201904181610/tools/bin/../lib/gcc/arm-none-eabi/7.3.1/thumb/v7e-m/fpv4-sp/hard\libgcc.a
LOAD c:/st/stm32cubeide_1.3.0/stm32cubeide/plugins/com.st.stm32cube.ide.mcu.externaltools.gnu-tools-for-stm32.7-2018-q2-update.win32_1.0.0.201904181610/tools/bin/../lib/gcc/arm-none-eabi/7.3.1/../../../../arm-none-eabi/lib/thumb/v7e-m/fpv4-sp/hard\libc_nano.a
LOAD c:/st/stm32cubeide_1.3.0/stm32cubeide/plugins/com.st.stm32cube.ide.mcu.externaltools.gnu-tools-for-stm32.7-2018-q2-update.win32_1.0.0.201904181610/tools/bin/../lib/gcc/arm-none-eabi/7.3.1/../../../../arm-none-eabi/lib/thumb/v7e-m/fpv4-sp/hard\libnosys.a
END GROUP
LOAD c:/st/stm32cubeide_1.3.0/stm32cubeide/plugins/com.st.stm32cube.ide.mcu.externaltools.gnu-tools-for-stm32.7-2018-q2-update.win32_1.0.0.201904181610/tools/bin/../lib/gcc/arm-none-eabi/7.3.1/thumb/v7e-m/fpv4-sp/hard/crtend.o
LOAD c:/st/stm32cubeide_1.3.0/stm32cubeide/plugins/com.st.stm32cube.ide.mcu.externaltools.gnu-tools-for-stm32.7-2018-q2-update.win32_1.0.0.201904181610/tools/bin/../lib/gcc/arm-none-eabi/7.3.1/thumb/v7e-m/fpv4-sp/hard/crtn.o
                0x00000000c0800000                _estack = 0xc0800000
                0x0000000000000200                _Min_Heap_Size = 0x200
                0x0000000000000400                _Min_Stack_Size = 0x400

.isr_vector     0x0000000090000000      0x1c8
                0x0000000090000000                . = ALIGN (0x4)
 *(.isr_vector)
 .isr_vector    0x0000000090000000      0x1c8 Core/Startup/startup_stm32f750n8hx.o
                0x0000000090000000                g_pfnVectors
                0x00000000900001c8                . = ALIGN (0x4)

.text           0x00000000900001c8     0x4268
                0x00000000900001c8                . = ALIGN (0x4)
 *(.text)
 .text          0x00000000900001c8       0x40 c:/st/stm32cubeide_1.3.0/stm32cubeide/plugins/com.st.stm32cube.ide.mcu.externaltools.gnu-tools-for-stm32.7-2018-q2-update.win32_1.0.0.201904181610/tools/bin/../lib/gcc/arm-none-eabi/7.3.1/thumb/v7e-m/fpv4-sp/hard/crtbegin.o
 .text          0x0000000090000208       0x30 c:/st/stm32cubeide_1.3.0/stm32cubeide/plugins/com.st.stm32cube.ide.mcu.externaltools.gnu-tools-for-stm32.7-2018-q2-update.win32_1.0.0.201904181610/tools/bin/../lib/gcc/arm-none-eabi/7.3.1/thumb/v7e-m/fpv4-sp/hard\libgcc.a(_aeabi_uldivmod.o)
                0x0000000090000208                __aeabi_uldivmod
 .text          0x0000000090000238      0x2cc c:/st/stm32cubeide_1.3.0/stm32cubeide/plugins/com.st.stm32cube.ide.mcu.externaltools.gnu-tools-for-stm32.7-2018-q2-update.win32_1.0.0.201904181610/tools/bin/../lib/gcc/arm-none-eabi/7.3.1/thumb/v7e-m/fpv4-sp/hard\libgcc.a(_udivmoddi4.o)
                0x0000000090000238                __udivmoddi4
 .text          0x0000000090000504        0x4 c:/st/stm32cubeide_1.3.0/stm32cubeide/plugins/com.st.stm32cube.ide.mcu.externaltools.gnu-tools-for-stm32.7-2018-q2-update.win32_1.0.0.201904181610/tools/bin/../lib/gcc/arm-none-eabi/7.3.1/thumb/v7e-m/fpv4-sp/hard\libgcc.a(_dvmd_tls.o)
                0x0000000090000504                __aeabi_idiv0
                0x0000000090000504                __aeabi_ldiv0
 *(.text*)
 .text.SCB_EnableICache
                0x0000000090000508       0x40 Core/Src/main.o
 .text.SCB_EnableDCache
                0x0000000090000548       0x80 Core/Src/main.o
 .text.main     0x00000000900005c8       0x2a Core/Src/main.o
                0x00000000900005c8                main
 *fill*         0x00000000900005f2        0x2 
 .text.SystemClock_Config
                0x00000000900005f4      0x140 Core/Src/main.o
                0x00000000900005f4                SystemClock_Config
 .text.MX_LTDC_Init
                0x0000000090000734      0x104 Core/Src/main.o
 .text.MX_QUADSPI_Init
                0x0000000090000838       0x58 Core/Src/main.o
 .text.MX_USART6_UART_Init
                0x0000000090000890       0x60 Core/Src/main.o
 .text.MX_FMC_Init
                0x00000000900008f0       0xa0 Core/Src/main.o
 .text.MX_GPIO_Init
                0x0000000090000990      0x718 Core/Src/main.o
 .text.MPU_Config
                0x00000000900010a8      0x128 Core/Src/main.o
                0x00000000900010a8                MPU_Config
 .text.CPU_CACHE_Enable
                0x00000000900011d0       0x10 Core/Src/main.o
 .text.Error_Handler
                0x00000000900011e0        0xe Core/Src/main.o
                0x00000000900011e0                Error_Handler
 *fill*         0x00000000900011ee        0x2 
 .text.HAL_MspInit
                0x00000000900011f0       0x48 Core/Src/stm32f7xx_hal_msp.o
                0x00000000900011f0                HAL_MspInit
 .text.HAL_LTDC_MspInit
                0x0000000090001238      0x1a0 Core/Src/stm32f7xx_hal_msp.o
                0x0000000090001238                HAL_LTDC_MspInit
 .text.HAL_QSPI_MspInit
                0x00000000900013d8      0x120 Core/Src/stm32f7xx_hal_msp.o
                0x00000000900013d8                HAL_QSPI_MspInit
 .text.HAL_UART_MspInit
                0x00000000900014f8       0x88 Core/Src/stm32f7xx_hal_msp.o
                0x00000000900014f8                HAL_UART_MspInit
 .text.HAL_FMC_MspInit
                0x0000000090001580      0x120 Core/Src/stm32f7xx_hal_msp.o
 .text.HAL_SDRAM_MspInit
                0x00000000900016a0       0x14 Core/Src/stm32f7xx_hal_msp.o
                0x00000000900016a0                HAL_SDRAM_MspInit
 .text.NMI_Handler
                0x00000000900016b4        0xe Core/Src/stm32f7xx_it.o
                0x00000000900016b4                NMI_Handler
 .text.HardFault_Handler
                0x00000000900016c2        0x6 Core/Src/stm32f7xx_it.o
                0x00000000900016c2                HardFault_Handler
 .text.MemManage_Handler
                0x00000000900016c8        0x6 Core/Src/stm32f7xx_it.o
                0x00000000900016c8                MemManage_Handler
 .text.BusFault_Handler
                0x00000000900016ce        0x6 Core/Src/stm32f7xx_it.o
                0x00000000900016ce                BusFault_Handler
 .text.UsageFault_Handler
                0x00000000900016d4        0x6 Core/Src/stm32f7xx_it.o
                0x00000000900016d4                UsageFault_Handler
 .text.SVC_Handler
                0x00000000900016da        0xe Core/Src/stm32f7xx_it.o
                0x00000000900016da                SVC_Handler
 .text.DebugMon_Handler
                0x00000000900016e8        0xe Core/Src/stm32f7xx_it.o
                0x00000000900016e8                DebugMon_Handler
 .text.PendSV_Handler
                0x00000000900016f6        0xe Core/Src/stm32f7xx_it.o
                0x00000000900016f6                PendSV_Handler
 .text.SysTick_Handler
                0x0000000090001704        0xc Core/Src/stm32f7xx_it.o
                0x0000000090001704                SysTick_Handler
 .text.LTDC_IRQHandler
                0x0000000090001710       0x14 Core/Src/stm32f7xx_it.o
                0x0000000090001710                LTDC_IRQHandler
 .text.LTDC_ER_IRQHandler
                0x0000000090001724       0x14 Core/Src/stm32f7xx_it.o
                0x0000000090001724                LTDC_ER_IRQHandler
 .text.SystemInit
                0x0000000090001738       0x2c Core/Src/system_stm32f7xx.o
                0x0000000090001738                SystemInit
 .text.Reset_Handler
                0x0000000090001764       0x50 Core/Startup/startup_stm32f750n8hx.o
                0x0000000090001764                Reset_Handler
 .text.Default_Handler
                0x00000000900017b4        0x2 Core/Startup/startup_stm32f750n8hx.o
                0x00000000900017b4                RTC_Alarm_IRQHandler
                0x00000000900017b4                HASH_RNG_IRQHandler
                0x00000000900017b4                EXTI2_IRQHandler
                0x00000000900017b4                TIM8_CC_IRQHandler
                0x00000000900017b4                UART8_IRQHandler
                0x00000000900017b4                SPI4_IRQHandler
                0x00000000900017b4                TIM1_CC_IRQHandler
                0x00000000900017b4                DMA2_Stream5_IRQHandler
                0x00000000900017b4                DMA1_Stream5_IRQHandler
                0x00000000900017b4                PVD_IRQHandler
                0x00000000900017b4                TAMP_STAMP_IRQHandler
                0x00000000900017b4                CAN2_RX1_IRQHandler
                0x00000000900017b4                EXTI3_IRQHandler
                0x00000000900017b4                TIM8_TRG_COM_TIM14_IRQHandler
                0x00000000900017b4                TIM1_UP_TIM10_IRQHandler
                0x00000000900017b4                TIM8_UP_TIM13_IRQHandler
                0x00000000900017b4                I2C3_ER_IRQHandler
                0x00000000900017b4                EXTI0_IRQHandler
                0x00000000900017b4                I2C2_EV_IRQHandler
                0x00000000900017b4                DMA1_Stream2_IRQHandler
                0x00000000900017b4                CAN1_RX0_IRQHandler
                0x00000000900017b4                FPU_IRQHandler
                0x00000000900017b4                OTG_HS_WKUP_IRQHandler
                0x00000000900017b4                CAN2_SCE_IRQHandler
                0x00000000900017b4                DMA2_Stream2_IRQHandler
                0x00000000900017b4                SPI1_IRQHandler
                0x00000000900017b4                TIM6_DAC_IRQHandler
                0x00000000900017b4                TIM1_BRK_TIM9_IRQHandler
                0x00000000900017b4                DCMI_IRQHandler
                0x00000000900017b4                CAN2_RX0_IRQHandler
                0x00000000900017b4                DMA2_Stream3_IRQHandler
                0x00000000900017b4                SAI2_IRQHandler
                0x00000000900017b4                USART6_IRQHandler
                0x00000000900017b4                USART3_IRQHandler
                0x00000000900017b4                CRYP_IRQHandler
                0x00000000900017b4                CAN1_RX1_IRQHandler
                0x00000000900017b4                UART5_IRQHandler
                0x00000000900017b4                DMA2_Stream0_IRQHandler
                0x00000000900017b4                TIM4_IRQHandler
                0x00000000900017b4                QUADSPI_IRQHandler
                0x00000000900017b4                I2C1_EV_IRQHandler
                0x00000000900017b4                DMA1_Stream6_IRQHandler
                0x00000000900017b4                DMA1_Stream1_IRQHandler
                0x00000000900017b4                UART4_IRQHandler
                0x00000000900017b4                TIM3_IRQHandler
                0x00000000900017b4                RCC_IRQHandler
                0x00000000900017b4                TIM8_BRK_TIM12_IRQHandler
                0x00000000900017b4                Default_Handler
                0x00000000900017b4                CEC_IRQHandler
                0x00000000900017b4                EXTI15_10_IRQHandler
                0x00000000900017b4                ADC_IRQHandler
                0x00000000900017b4                DMA1_Stream7_IRQHandler
                0x00000000900017b4                SPI5_IRQHandler
                0x00000000900017b4                TIM7_IRQHandler
                0x00000000900017b4                SDMMC1_IRQHandler
                0x00000000900017b4                CAN2_TX_IRQHandler
                0x00000000900017b4                TIM5_IRQHandler
                0x00000000900017b4                DMA2_Stream7_IRQHandler
                0x00000000900017b4                I2C3_EV_IRQHandler
                0x00000000900017b4                EXTI9_5_IRQHandler
                0x00000000900017b4                RTC_WKUP_IRQHandler
                0x00000000900017b4                ETH_WKUP_IRQHandler
                0x00000000900017b4                SPDIF_RX_IRQHandler
                0x00000000900017b4                SPI2_IRQHandler
                0x00000000900017b4                OTG_HS_EP1_IN_IRQHandler
                0x00000000900017b4                DMA1_Stream0_IRQHandler
                0x00000000900017b4                CAN1_TX_IRQHandler
                0x00000000900017b4                EXTI4_IRQHandler
                0x00000000900017b4                ETH_IRQHandler
                0x00000000900017b4                OTG_HS_EP1_OUT_IRQHandler
                0x00000000900017b4                WWDG_IRQHandler
                0x00000000900017b4                SPI6_IRQHandler
                0x00000000900017b4                I2C4_EV_IRQHandler
                0x00000000900017b4                TIM2_IRQHandler
                0x00000000900017b4                OTG_FS_WKUP_IRQHandler
                0x00000000900017b4                TIM1_TRG_COM_TIM11_IRQHandler
                0x00000000900017b4                OTG_HS_IRQHandler
                0x00000000900017b4                DMA2D_IRQHandler
                0x00000000900017b4                EXTI1_IRQHandler
                0x00000000900017b4                UART7_IRQHandler
                0x00000000900017b4                USART2_IRQHandler
                0x00000000900017b4                I2C2_ER_IRQHandler
                0x00000000900017b4                DMA2_Stream1_IRQHandler
                0x00000000900017b4                CAN1_SCE_IRQHandler
                0x00000000900017b4                FLASH_IRQHandler
                0x00000000900017b4                DMA2_Stream4_IRQHandler
                0x00000000900017b4                USART1_IRQHandler
                0x00000000900017b4                OTG_FS_IRQHandler
                0x00000000900017b4                SPI3_IRQHandler
                0x00000000900017b4                DMA1_Stream4_IRQHandler
                0x00000000900017b4                I2C1_ER_IRQHandler
                0x00000000900017b4                FMC_IRQHandler
                0x00000000900017b4                LPTIM1_IRQHandler
                0x00000000900017b4                I2C4_ER_IRQHandler
                0x00000000900017b4                DMA2_Stream6_IRQHandler
                0x00000000900017b4                SAI1_IRQHandler
                0x00000000900017b4                DMA1_Stream3_IRQHandler
 .text.HAL_Init
                0x00000000900017b6       0x1a Drivers/STM32F7xx_HAL_Driver/Src/stm32f7xx_hal.o
                0x00000000900017b6                HAL_Init
 .text.HAL_InitTick
                0x00000000900017d0       0x60 Drivers/STM32F7xx_HAL_Driver/Src/stm32f7xx_hal.o
                0x00000000900017d0                HAL_InitTick
 .text.HAL_IncTick
                0x0000000090001830       0x28 Drivers/STM32F7xx_HAL_Driver/Src/stm32f7xx_hal.o
                0x0000000090001830                HAL_IncTick
 .text.HAL_GetTick
                0x0000000090001858       0x18 Drivers/STM32F7xx_HAL_Driver/Src/stm32f7xx_hal.o
                0x0000000090001858                HAL_GetTick
 .text.__NVIC_SetPriorityGrouping
                0x0000000090001870       0x48 Drivers/STM32F7xx_HAL_Driver/Src/stm32f7xx_hal_cortex.o
 .text.__NVIC_GetPriorityGrouping
                0x00000000900018b8       0x1c Drivers/STM32F7xx_HAL_Driver/Src/stm32f7xx_hal_cortex.o
 .text.__NVIC_EnableIRQ
                0x00000000900018d4       0x3c Drivers/STM32F7xx_HAL_Driver/Src/stm32f7xx_hal_cortex.o
 .text.__NVIC_SetPriority
                0x0000000090001910       0x54 Drivers/STM32F7xx_HAL_Driver/Src/stm32f7xx_hal_cortex.o
 .text.NVIC_EncodePriority
                0x0000000090001964       0x66 Drivers/STM32F7xx_HAL_Driver/Src/stm32f7xx_hal_cortex.o
 *fill*         0x00000000900019ca        0x2 
 .text.SysTick_Config
                0x00000000900019cc       0x44 Drivers/STM32F7xx_HAL_Driver/Src/stm32f7xx_hal_cortex.o
 .text.HAL_NVIC_SetPriorityGrouping
                0x0000000090001a10       0x16 Drivers/STM32F7xx_HAL_Driver/Src/stm32f7xx_hal_cortex.o
                0x0000000090001a10                HAL_NVIC_SetPriorityGrouping
 .text.HAL_NVIC_SetPriority
                0x0000000090001a26       0x38 Drivers/STM32F7xx_HAL_Driver/Src/stm32f7xx_hal_cortex.o
                0x0000000090001a26                HAL_NVIC_SetPriority
 .text.HAL_NVIC_EnableIRQ
                0x0000000090001a5e       0x1c Drivers/STM32F7xx_HAL_Driver/Src/stm32f7xx_hal_cortex.o
                0x0000000090001a5e                HAL_NVIC_EnableIRQ
 .text.HAL_SYSTICK_Config
                0x0000000090001a7a       0x18 Drivers/STM32F7xx_HAL_Driver/Src/stm32f7xx_hal_cortex.o
                0x0000000090001a7a                HAL_SYSTICK_Config
 *fill*         0x0000000090001a92        0x2 
 .text.HAL_MPU_Disable
                0x0000000090001a94       0x2c Drivers/STM32F7xx_HAL_Driver/Src/stm32f7xx_hal_cortex.o
                0x0000000090001a94                HAL_MPU_Disable
 .text.HAL_MPU_Enable
                0x0000000090001ac0       0x3c Drivers/STM32F7xx_HAL_Driver/Src/stm32f7xx_hal_cortex.o
                0x0000000090001ac0                HAL_MPU_Enable
 .text.HAL_MPU_ConfigRegion
                0x0000000090001afc       0x88 Drivers/STM32F7xx_HAL_Driver/Src/stm32f7xx_hal_cortex.o
                0x0000000090001afc                HAL_MPU_ConfigRegion
 .text.HAL_GPIO_Init
                0x0000000090001b84      0x354 Drivers/STM32F7xx_HAL_Driver/Src/stm32f7xx_hal_gpio.o
                0x0000000090001b84                HAL_GPIO_Init
 .text.HAL_GPIO_WritePin
                0x0000000090001ed8       0x32 Drivers/STM32F7xx_HAL_Driver/Src/stm32f7xx_hal_gpio.o
                0x0000000090001ed8                HAL_GPIO_WritePin
 *fill*         0x0000000090001f0a        0x2 
 .text.HAL_LTDC_Init
                0x0000000090001f0c      0x1a0 Drivers/STM32F7xx_HAL_Driver/Src/stm32f7xx_hal_ltdc.o
                0x0000000090001f0c                HAL_LTDC_Init
 .text.HAL_LTDC_IRQHandler
                0x00000000900020ac      0x148 Drivers/STM32F7xx_HAL_Driver/Src/stm32f7xx_hal_ltdc.o
                0x00000000900020ac                HAL_LTDC_IRQHandler
 .text.HAL_LTDC_ErrorCallback
                0x00000000900021f4       0x14 Drivers/STM32F7xx_HAL_Driver/Src/stm32f7xx_hal_ltdc.o
                0x00000000900021f4                HAL_LTDC_ErrorCallback
 .text.HAL_LTDC_LineEventCallback
                0x0000000090002208       0x14 Drivers/STM32F7xx_HAL_Driver/Src/stm32f7xx_hal_ltdc.o
                0x0000000090002208                HAL_LTDC_LineEventCallback
 .text.HAL_LTDC_ReloadEventCallback
                0x000000009000221c       0x14 Drivers/STM32F7xx_HAL_Driver/Src/stm32f7xx_hal_ltdc.o
                0x000000009000221c                HAL_LTDC_ReloadEventCallback
 .text.HAL_LTDC_ConfigLayer
                0x0000000090002230       0x7c Drivers/STM32F7xx_HAL_Driver/Src/stm32f7xx_hal_ltdc.o
                0x0000000090002230                HAL_LTDC_ConfigLayer
 .text.LTDC_SetConfig
                0x00000000900022ac      0x334 Drivers/STM32F7xx_HAL_Driver/Src/stm32f7xx_hal_ltdc.o
 .text.HAL_PWR_EnableBkUpAccess
                0x00000000900025e0       0x20 Drivers/STM32F7xx_HAL_Driver/Src/stm32f7xx_hal_pwr.o
                0x00000000900025e0                HAL_PWR_EnableBkUpAccess
 .text.HAL_PWREx_EnableOverDrive
                0x0000000090002600       0xa0 Drivers/STM32F7xx_HAL_Driver/Src/stm32f7xx_hal_pwr_ex.o
                0x0000000090002600                HAL_PWREx_EnableOverDrive
 .text.HAL_QSPI_Init
                0x00000000900026a0       0xf8 Drivers/STM32F7xx_HAL_Driver/Src/stm32f7xx_hal_qspi.o
                0x00000000900026a0                HAL_QSPI_Init
 .text.HAL_QSPI_SetTimeout
                0x0000000090002798       0x1c Drivers/STM32F7xx_HAL_Driver/Src/stm32f7xx_hal_qspi.o
                0x0000000090002798                HAL_QSPI_SetTimeout
 .text.QSPI_WaitFlagStateUntilTimeout
                0x00000000900027b4       0x6e Drivers/STM32F7xx_HAL_Driver/Src/stm32f7xx_hal_qspi.o
 *fill*         0x0000000090002822        0x2 
 .text.HAL_RCC_OscConfig
                0x0000000090002824      0x548 Drivers/STM32F7xx_HAL_Driver/Src/stm32f7xx_hal_rcc.o
                0x0000000090002824                HAL_RCC_OscConfig
 .text.HAL_RCC_ClockConfig
                0x0000000090002d6c      0x1d8 Drivers/STM32F7xx_HAL_Driver/Src/stm32f7xx_hal_rcc.o
                0x0000000090002d6c                HAL_RCC_ClockConfig
 .text.HAL_RCC_GetSysClockFreq
                0x0000000090002f44      0x164 Drivers/STM32F7xx_HAL_Driver/Src/stm32f7xx_hal_rcc.o
                0x0000000090002f44                HAL_RCC_GetSysClockFreq
 .text.HAL_RCC_GetHCLKFreq
                0x00000000900030a8       0x18 Drivers/STM32F7xx_HAL_Driver/Src/stm32f7xx_hal_rcc.o
                0x00000000900030a8                HAL_RCC_GetHCLKFreq
 .text.HAL_RCC_GetPCLK1Freq
                0x00000000900030c0       0x28 Drivers/STM32F7xx_HAL_Driver/Src/stm32f7xx_hal_rcc.o
                0x00000000900030c0                HAL_RCC_GetPCLK1Freq
 .text.HAL_RCC_GetPCLK2Freq
                0x00000000900030e8       0x28 Drivers/STM32F7xx_HAL_Driver/Src/stm32f7xx_hal_rcc.o
                0x00000000900030e8                HAL_RCC_GetPCLK2Freq
 .text.HAL_RCCEx_PeriphCLKConfig
                0x0000000090003110      0x7dc Drivers/STM32F7xx_HAL_Driver/Src/stm32f7xx_hal_rcc_ex.o
                0x0000000090003110                HAL_RCCEx_PeriphCLKConfig
 .text.HAL_SDRAM_Init
                0x00000000900038ec       0x68 Drivers/STM32F7xx_HAL_Driver/Src/stm32f7xx_hal_sdram.o
                0x00000000900038ec                HAL_SDRAM_Init
 .text.HAL_UART_Init
                0x0000000090003954       0x9c Drivers/STM32F7xx_HAL_Driver/Src/stm32f7xx_hal_uart.o
                0x0000000090003954                HAL_UART_Init
 .text.UART_SetConfig
                0x00000000900039f0      0x554 Drivers/STM32F7xx_HAL_Driver/Src/stm32f7xx_hal_uart.o
                0x00000000900039f0                UART_SetConfig
 .text.UART_AdvFeatureConfig
                0x0000000090003f44      0x144 Drivers/STM32F7xx_HAL_Driver/Src/stm32f7xx_hal_uart.o
                0x0000000090003f44                UART_AdvFeatureConfig
 .text.UART_CheckIdleState
                0x0000000090004088       0x5e Drivers/STM32F7xx_HAL_Driver/Src/stm32f7xx_hal_uart.o
                0x0000000090004088                UART_CheckIdleState
 .text.UART_WaitOnFlagUntilTimeout
                0x00000000900040e6       0xf6 Drivers/STM32F7xx_HAL_Driver/Src/stm32f7xx_hal_uart.o
                0x00000000900040e6                UART_WaitOnFlagUntilTimeout
 .text.FMC_SDRAM_Init
                0x00000000900041dc       0xe4 Drivers/STM32F7xx_HAL_Driver/Src/stm32f7xx_ll_fmc.o
                0x00000000900041dc                FMC_SDRAM_Init
 .text.FMC_SDRAM_Timing_Init
                0x00000000900042c0      0x100 Drivers/STM32F7xx_HAL_Driver/Src/stm32f7xx_ll_fmc.o
                0x00000000900042c0                FMC_SDRAM_Timing_Init
 .text.__libc_init_array
                0x00000000900043c0       0x48 c:/st/stm32cubeide_1.3.0/stm32cubeide/plugins/com.st.stm32cube.ide.mcu.externaltools.gnu-tools-for-stm32.7-2018-q2-update.win32_1.0.0.201904181610/tools/bin/../lib/gcc/arm-none-eabi/7.3.1/../../../../arm-none-eabi/lib/thumb/v7e-m/fpv4-sp/hard\libc_nano.a(lib_a-init.o)
                0x00000000900043c0                __libc_init_array
 .text.memset   0x0000000090004408       0x10 c:/st/stm32cubeide_1.3.0/stm32cubeide/plugins/com.st.stm32cube.ide.mcu.externaltools.gnu-tools-for-stm32.7-2018-q2-update.win32_1.0.0.201904181610/tools/bin/../lib/gcc/arm-none-eabi/7.3.1/../../../../arm-none-eabi/lib/thumb/v7e-m/fpv4-sp/hard\libc_nano.a(lib_a-memset.o)
                0x0000000090004408                memset
 *(.glue_7)
 .glue_7        0x0000000090004418        0x0 linker stubs
 *(.glue_7t)
 .glue_7t       0x0000000090004418        0x0 linker stubs
 *(.eh_frame)
 .eh_frame      0x0000000090004418        0x0 c:/st/stm32cubeide_1.3.0/stm32cubeide/plugins/com.st.stm32cube.ide.mcu.externaltools.gnu-tools-for-stm32.7-2018-q2-update.win32_1.0.0.201904181610/tools/bin/../lib/gcc/arm-none-eabi/7.3.1/thumb/v7e-m/fpv4-sp/hard/crtbegin.o
 *(.init)
 .init          0x0000000090004418        0x4 c:/st/stm32cubeide_1.3.0/stm32cubeide/plugins/com.st.stm32cube.ide.mcu.externaltools.gnu-tools-for-stm32.7-2018-q2-update.win32_1.0.0.201904181610/tools/bin/../lib/gcc/arm-none-eabi/7.3.1/thumb/v7e-m/fpv4-sp/hard/crti.o
                0x0000000090004418                _init
 .init          0x000000009000441c        0x8 c:/st/stm32cubeide_1.3.0/stm32cubeide/plugins/com.st.stm32cube.ide.mcu.externaltools.gnu-tools-for-stm32.7-2018-q2-update.win32_1.0.0.201904181610/tools/bin/../lib/gcc/arm-none-eabi/7.3.1/thumb/v7e-m/fpv4-sp/hard/crtn.o
 *(.fini)
 .fini          0x0000000090004424        0x4 c:/st/stm32cubeide_1.3.0/stm32cubeide/plugins/com.st.stm32cube.ide.mcu.externaltools.gnu-tools-for-stm32.7-2018-q2-update.win32_1.0.0.201904181610/tools/bin/../lib/gcc/arm-none-eabi/7.3.1/thumb/v7e-m/fpv4-sp/hard/crti.o
                0x0000000090004424                _fini
 .fini          0x0000000090004428        0x8 c:/st/stm32cubeide_1.3.0/stm32cubeide/plugins/com.st.stm32cube.ide.mcu.externaltools.gnu-tools-for-stm32.7-2018-q2-update.win32_1.0.0.201904181610/tools/bin/../lib/gcc/arm-none-eabi/7.3.1/thumb/v7e-m/fpv4-sp/hard/crtn.o
                0x0000000090004430                . = ALIGN (0x4)
                0x0000000090004430                _etext = .

.vfp11_veneer   0x0000000090004430        0x0
 .vfp11_veneer  0x0000000090004430        0x0 linker stubs

.v4_bx          0x0000000090004430        0x0
 .v4_bx         0x0000000090004430        0x0 linker stubs

.iplt           0x0000000090004430        0x0
 .iplt          0x0000000090004430        0x0 c:/st/stm32cubeide_1.3.0/stm32cubeide/plugins/com.st.stm32cube.ide.mcu.externaltools.gnu-tools-for-stm32.7-2018-q2-update.win32_1.0.0.201904181610/tools/bin/../lib/gcc/arm-none-eabi/7.3.1/thumb/v7e-m/fpv4-sp/hard/crtbegin.o

.rodata         0x0000000090004430       0x18
                0x0000000090004430                . = ALIGN (0x4)
 *(.rodata)
 *(.rodata*)
 .rodata.AHBPrescTable
                0x0000000090004430       0x10 Core/Src/system_stm32f7xx.o
                0x0000000090004430                AHBPrescTable
 .rodata.APBPrescTable
                0x0000000090004440        0x8 Core/Src/system_stm32f7xx.o
                0x0000000090004440                APBPrescTable
                0x0000000090004448                . = ALIGN (0x4)

.ARM.extab
 *(.ARM.extab* .gnu.linkonce.armextab.*)

.ARM            0x0000000090004448        0x8
                0x0000000090004448                __exidx_start = .
 *(.ARM.exidx*)
 .ARM.exidx     0x0000000090004448        0x8 c:/st/stm32cubeide_1.3.0/stm32cubeide/plugins/com.st.stm32cube.ide.mcu.externaltools.gnu-tools-for-stm32.7-2018-q2-update.win32_1.0.0.201904181610/tools/bin/../lib/gcc/arm-none-eabi/7.3.1/thumb/v7e-m/fpv4-sp/hard\libgcc.a(_udivmoddi4.o)
                0x0000000090004450                __exidx_end = .

.rel.dyn        0x0000000090004450        0x0
 .rel.iplt      0x0000000090004450        0x0 c:/st/stm32cubeide_1.3.0/stm32cubeide/plugins/com.st.stm32cube.ide.mcu.externaltools.gnu-tools-for-stm32.7-2018-q2-update.win32_1.0.0.201904181610/tools/bin/../lib/gcc/arm-none-eabi/7.3.1/thumb/v7e-m/fpv4-sp/hard/crtbegin.o

.preinit_array  0x0000000090004450        0x0
                0x0000000090004450                PROVIDE (__preinit_array_start = .)
 *(.preinit_array*)
                0x0000000090004450                PROVIDE (__preinit_array_end = .)

.init_array     0x0000000090004450        0x4
                0x0000000090004450                PROVIDE (__init_array_start = .)
 *(SORT_BY_NAME(.init_array.*))
 *(.init_array*)
 .init_array    0x0000000090004450        0x4 c:/st/stm32cubeide_1.3.0/stm32cubeide/plugins/com.st.stm32cube.ide.mcu.externaltools.gnu-tools-for-stm32.7-2018-q2-update.win32_1.0.0.201904181610/tools/bin/../lib/gcc/arm-none-eabi/7.3.1/thumb/v7e-m/fpv4-sp/hard/crtbegin.o
                0x0000000090004454                PROVIDE (__init_array_end = .)

.fini_array     0x0000000090004454        0x4
                [!provide]                        PROVIDE (__fini_array_start = .)
 *(SORT_BY_NAME(.fini_array.*))
 *(.fini_array*)
 .fini_array    0x0000000090004454        0x4 c:/st/stm32cubeide_1.3.0/stm32cubeide/plugins/com.st.stm32cube.ide.mcu.externaltools.gnu-tools-for-stm32.7-2018-q2-update.win32_1.0.0.201904181610/tools/bin/../lib/gcc/arm-none-eabi/7.3.1/thumb/v7e-m/fpv4-sp/hard/crtbegin.o
                [!provide]                        PROVIDE (__fini_array_end = .)
                0x0000000090004458                _sidata = LOADADDR (.data)

.data           0x00000000c0000000        0xc load address 0x0000000090004458
                0x00000000c0000000                . = ALIGN (0x4)
                0x00000000c0000000                _sdata = .
 *(.data)
 *(.data*)
 .data.SystemCoreClock
                0x00000000c0000000        0x4 Core/Src/system_stm32f7xx.o
                0x00000000c0000000                SystemCoreClock
 .data.uwTickPrio
                0x00000000c0000004        0x4 Drivers/STM32F7xx_HAL_Driver/Src/stm32f7xx_hal.o
                0x00000000c0000004                uwTickPrio
 .data.uwTickFreq
                0x00000000c0000008        0x1 Drivers/STM32F7xx_HAL_Driver/Src/stm32f7xx_hal.o
                0x00000000c0000008                uwTickFreq
                0x00000000c000000c                . = ALIGN (0x4)
 *fill*         0x00000000c0000009        0x3 
                0x00000000c000000c                _edata = .

.igot.plt       0x00000000c000000c        0x0 load address 0x0000000090004464
 .igot.plt      0x00000000c000000c        0x0 c:/st/stm32cubeide_1.3.0/stm32cubeide/plugins/com.st.stm32cube.ide.mcu.externaltools.gnu-tools-for-stm32.7-2018-q2-update.win32_1.0.0.201904181610/tools/bin/../lib/gcc/arm-none-eabi/7.3.1/thumb/v7e-m/fpv4-sp/hard/crtbegin.o
                0x00000000c000000c                . = ALIGN (0x4)

.bss            0x00000000c000000c      0x1cc load address 0x0000000090004464
                0x00000000c000000c                _sbss = .
                0x00000000c000000c                __bss_start__ = _sbss
 *(.bss)
 .bss           0x00000000c000000c       0x1c c:/st/stm32cubeide_1.3.0/stm32cubeide/plugins/com.st.stm32cube.ide.mcu.externaltools.gnu-tools-for-stm32.7-2018-q2-update.win32_1.0.0.201904181610/tools/bin/../lib/gcc/arm-none-eabi/7.3.1/thumb/v7e-m/fpv4-sp/hard/crtbegin.o
 *(.bss*)
 .bss.FMC_Initialized
                0x00000000c0000028        0x4 Core/Src/stm32f7xx_hal_msp.o
 *(COMMON)
 COMMON         0x00000000c000002c      0x1a8 Core/Src/main.o
                0x00000000c000002c                hltdc
                0x00000000c00000d4                huart6
                0x00000000c0000154                hsdram1
                0x00000000c0000188                hqspi
 COMMON         0x00000000c00001d4        0x4 Drivers/STM32F7xx_HAL_Driver/Src/stm32f7xx_hal.o
                0x00000000c00001d4                uwTick
                0x00000000c00001d8                . = ALIGN (0x4)
                0x00000000c00001d8                _ebss = .
                0x00000000c00001d8                __bss_end__ = _ebss

._user_heap_stack
                0x00000000c00001d8      0x600 load address 0x0000000090004464
                0x00000000c00001d8                . = ALIGN (0x8)
                0x00000000c00001d8                PROVIDE (end = .)
                [!provide]                        PROVIDE (_end = .)
                0x00000000c00003d8                . = (. + _Min_Heap_Size)
 *fill*         0x00000000c00001d8      0x200 
                0x00000000c00007d8                . = (. + _Min_Stack_Size)
 *fill*         0x00000000c00003d8      0x400 
                0x00000000c00007d8                . = ALIGN (0x8)

/DISCARD/
 libc.a(*)
 libm.a(*)
 libgcc.a(*)

.ARM.attributes
                0x0000000000000000       0x30
 *(.ARM.attributes)
 .ARM.attributes
                0x0000000000000000       0x22 c:/st/stm32cubeide_1.3.0/stm32cubeide/plugins/com.st.stm32cube.ide.mcu.externaltools.gnu-tools-for-stm32.7-2018-q2-update.win32_1.0.0.201904181610/tools/bin/../lib/gcc/arm-none-eabi/7.3.1/thumb/v7e-m/fpv4-sp/hard/crti.o
 .ARM.attributes
                0x0000000000000022       0x34 c:/st/stm32cubeide_1.3.0/stm32cubeide/plugins/com.st.stm32cube.ide.mcu.externaltools.gnu-tools-for-stm32.7-2018-q2-update.win32_1.0.0.201904181610/tools/bin/../lib/gcc/arm-none-eabi/7.3.1/thumb/v7e-m/fpv4-sp/hard/crtbegin.o
 .ARM.attributes
                0x0000000000000056       0x39 Core/Src/main.o
 .ARM.attributes
                0x000000000000008f       0x39 Core/Src/stm32f7xx_hal_msp.o
 .ARM.attributes
                0x00000000000000c8       0x39 Core/Src/stm32f7xx_it.o
 .ARM.attributes
                0x0000000000000101       0x39 Core/Src/system_stm32f7xx.o
 .ARM.attributes
                0x000000000000013a       0x21 Core/Startup/startup_stm32f750n8hx.o
 .ARM.attributes
                0x000000000000015b       0x39 Drivers/STM32F7xx_HAL_Driver/Src/stm32f7xx_hal.o
 .ARM.attributes
                0x0000000000000194       0x39 Drivers/STM32F7xx_HAL_Driver/Src/stm32f7xx_hal_cortex.o
 .ARM.attributes
                0x00000000000001cd       0x39 Drivers/STM32F7xx_HAL_Driver/Src/stm32f7xx_hal_gpio.o
 .ARM.attributes
                0x0000000000000206       0x39 Drivers/STM32F7xx_HAL_Driver/Src/stm32f7xx_hal_ltdc.o
 .ARM.attributes
                0x000000000000023f       0x39 Drivers/STM32F7xx_HAL_Driver/Src/stm32f7xx_hal_pwr.o
 .ARM.attributes
                0x0000000000000278       0x39 Drivers/STM32F7xx_HAL_Driver/Src/stm32f7xx_hal_pwr_ex.o
 .ARM.attributes
                0x00000000000002b1       0x39 Drivers/STM32F7xx_HAL_Driver/Src/stm32f7xx_hal_qspi.o
 .ARM.attributes
                0x00000000000002ea       0x39 Drivers/STM32F7xx_HAL_Driver/Src/stm32f7xx_hal_rcc.o
 .ARM.attributes
                0x0000000000000323       0x39 Drivers/STM32F7xx_HAL_Driver/Src/stm32f7xx_hal_rcc_ex.o
 .ARM.attributes
                0x000000000000035c       0x39 Drivers/STM32F7xx_HAL_Driver/Src/stm32f7xx_hal_sdram.o
 .ARM.attributes
                0x0000000000000395       0x39 Drivers/STM32F7xx_HAL_Driver/Src/stm32f7xx_hal_uart.o
 .ARM.attributes
                0x00000000000003ce       0x39 Drivers/STM32F7xx_HAL_Driver/Src/stm32f7xx_ll_fmc.o
 .ARM.attributes
                0x0000000000000407       0x34 c:/st/stm32cubeide_1.3.0/stm32cubeide/plugins/com.st.stm32cube.ide.mcu.externaltools.gnu-tools-for-stm32.7-2018-q2-update.win32_1.0.0.201904181610/tools/bin/../lib/gcc/arm-none-eabi/7.3.1/../../../../arm-none-eabi/lib/thumb/v7e-m/fpv4-sp/hard\libc_nano.a(lib_a-init.o)
 .ARM.attributes
                0x000000000000043b       0x34 c:/st/stm32cubeide_1.3.0/stm32cubeide/plugins/com.st.stm32cube.ide.mcu.externaltools.gnu-tools-for-stm32.7-2018-q2-update.win32_1.0.0.201904181610/tools/bin/../lib/gcc/arm-none-eabi/7.3.1/../../../../arm-none-eabi/lib/thumb/v7e-m/fpv4-sp/hard\libc_nano.a(lib_a-memset.o)
 .ARM.attributes
                0x000000000000046f       0x22 c:/st/stm32cubeide_1.3.0/stm32cubeide/plugins/com.st.stm32cube.ide.mcu.externaltools.gnu-tools-for-stm32.7-2018-q2-update.win32_1.0.0.201904181610/tools/bin/../lib/gcc/arm-none-eabi/7.3.1/thumb/v7e-m/fpv4-sp/hard\libgcc.a(_aeabi_uldivmod.o)
 .ARM.attributes
                0x0000000000000491       0x34 c:/st/stm32cubeide_1.3.0/stm32cubeide/plugins/com.st.stm32cube.ide.mcu.externaltools.gnu-tools-for-stm32.7-2018-q2-update.win32_1.0.0.201904181610/tools/bin/../lib/gcc/arm-none-eabi/7.3.1/thumb/v7e-m/fpv4-sp/hard\libgcc.a(_udivmoddi4.o)
 .ARM.attributes
                0x00000000000004c5       0x22 c:/st/stm32cubeide_1.3.0/stm32cubeide/plugins/com.st.stm32cube.ide.mcu.externaltools.gnu-tools-for-stm32.7-2018-q2-update.win32_1.0.0.201904181610/tools/bin/../lib/gcc/arm-none-eabi/7.3.1/thumb/v7e-m/fpv4-sp/hard\libgcc.a(_dvmd_tls.o)
 .ARM.attributes
                0x00000000000004e7       0x22 c:/st/stm32cubeide_1.3.0/stm32cubeide/plugins/com.st.stm32cube.ide.mcu.externaltools.gnu-tools-for-stm32.7-2018-q2-update.win32_1.0.0.201904181610/tools/bin/../lib/gcc/arm-none-eabi/7.3.1/thumb/v7e-m/fpv4-sp/hard/crtn.o
OUTPUT(Cube_QSPI_SDRAM_LTDC.elf elf32-littlearm)

.debug_info     0x0000000000000000     0xde1a
 .debug_info    0x0000000000000000     0x1df9 Core/Src/main.o
 .debug_info    0x0000000000001df9     0x1823 Core/Src/stm32f7xx_hal_msp.o
 .debug_info    0x000000000000361c      0x70e Core/Src/stm32f7xx_it.o
 .debug_info    0x0000000000003d2a      0x73d Core/Src/system_stm32f7xx.o
 .debug_info    0x0000000000004467       0x22 Core/Startup/startup_stm32f750n8hx.o
 .debug_info    0x0000000000004489      0x9d9 Drivers/STM32F7xx_HAL_Driver/Src/stm32f7xx_hal.o
 .debug_info    0x0000000000004e62     0x1050 Drivers/STM32F7xx_HAL_Driver/Src/stm32f7xx_hal_cortex.o
 .debug_info    0x0000000000005eb2      0x7dc Drivers/STM32F7xx_HAL_Driver/Src/stm32f7xx_hal_gpio.o
 .debug_info    0x000000000000668e     0x1104 Drivers/STM32F7xx_HAL_Driver/Src/stm32f7xx_hal_ltdc.o
 .debug_info    0x0000000000007792      0x9b4 Drivers/STM32F7xx_HAL_Driver/Src/stm32f7xx_hal_pwr.o
 .debug_info    0x0000000000008146      0x96b Drivers/STM32F7xx_HAL_Driver/Src/stm32f7xx_hal_pwr_ex.o
 .debug_info    0x0000000000008ab1     0x1248 Drivers/STM32F7xx_HAL_Driver/Src/stm32f7xx_hal_qspi.o
 .debug_info    0x0000000000009cf9      0x935 Drivers/STM32F7xx_HAL_Driver/Src/stm32f7xx_hal_rcc.o
 .debug_info    0x000000000000a62e      0x7ad Drivers/STM32F7xx_HAL_Driver/Src/stm32f7xx_hal_rcc_ex.o
 .debug_info    0x000000000000addb      0xca1 Drivers/STM32F7xx_HAL_Driver/Src/stm32f7xx_hal_sdram.o
 .debug_info    0x000000000000ba7c     0x16d1 Drivers/STM32F7xx_HAL_Driver/Src/stm32f7xx_hal_uart.o
 .debug_info    0x000000000000d14d      0xccd Drivers/STM32F7xx_HAL_Driver/Src/stm32f7xx_ll_fmc.o

.debug_abbrev   0x0000000000000000     0x1e89
 .debug_abbrev  0x0000000000000000      0x28a Core/Src/main.o
 .debug_abbrev  0x000000000000028a      0x206 Core/Src/stm32f7xx_hal_msp.o
 .debug_abbrev  0x0000000000000490      0x14d Core/Src/stm32f7xx_it.o
 .debug_abbrev  0x00000000000005dd      0x147 Core/Src/system_stm32f7xx.o
 .debug_abbrev  0x0000000000000724       0x12 Core/Startup/startup_stm32f750n8hx.o
 .debug_abbrev  0x0000000000000736      0x1c7 Drivers/STM32F7xx_HAL_Driver/Src/stm32f7xx_hal.o
 .debug_abbrev  0x00000000000008fd      0x2fa Drivers/STM32F7xx_HAL_Driver/Src/stm32f7xx_hal_cortex.o
 .debug_abbrev  0x0000000000000bf7      0x1c9 Drivers/STM32F7xx_HAL_Driver/Src/stm32f7xx_hal_gpio.o
 .debug_abbrev  0x0000000000000dc0      0x209 Drivers/STM32F7xx_HAL_Driver/Src/stm32f7xx_hal_ltdc.o
 .debug_abbrev  0x0000000000000fc9      0x1b6 Drivers/STM32F7xx_HAL_Driver/Src/stm32f7xx_hal_pwr.o
 .debug_abbrev  0x000000000000117f      0x1b8 Drivers/STM32F7xx_HAL_Driver/Src/stm32f7xx_hal_pwr_ex.o
 .debug_abbrev  0x0000000000001337      0x21f Drivers/STM32F7xx_HAL_Driver/Src/stm32f7xx_hal_qspi.o
 .debug_abbrev  0x0000000000001556      0x21a Drivers/STM32F7xx_HAL_Driver/Src/stm32f7xx_hal_rcc.o
 .debug_abbrev  0x0000000000001770      0x1ad Drivers/STM32F7xx_HAL_Driver/Src/stm32f7xx_hal_rcc_ex.o
 .debug_abbrev  0x000000000000191d      0x1f7 Drivers/STM32F7xx_HAL_Driver/Src/stm32f7xx_hal_sdram.o
 .debug_abbrev  0x0000000000001b14      0x205 Drivers/STM32F7xx_HAL_Driver/Src/stm32f7xx_hal_uart.o
 .debug_abbrev  0x0000000000001d19      0x170 Drivers/STM32F7xx_HAL_Driver/Src/stm32f7xx_ll_fmc.o

.debug_aranges  0x0000000000000000      0xc78
 .debug_aranges
                0x0000000000000000       0x78 Core/Src/main.o
 .debug_aranges
                0x0000000000000078       0x70 Core/Src/stm32f7xx_hal_msp.o
 .debug_aranges
                0x00000000000000e8       0x70 Core/Src/stm32f7xx_it.o
 .debug_aranges
                0x0000000000000158       0x28 Core/Src/system_stm32f7xx.o
 .debug_aranges
                0x0000000000000180       0x28 Core/Startup/startup_stm32f750n8hx.o
 .debug_aranges
                0x00000000000001a8      0x100 Drivers/STM32F7xx_HAL_Driver/Src/stm32f7xx_hal.o
 .debug_aranges
                0x00000000000002a8      0x118 Drivers/STM32F7xx_HAL_Driver/Src/stm32f7xx_hal_cortex.o
 .debug_aranges
                0x00000000000003c0       0x58 Drivers/STM32F7xx_HAL_Driver/Src/stm32f7xx_hal_gpio.o
 .debug_aranges
                0x0000000000000418      0x158 Drivers/STM32F7xx_HAL_Driver/Src/stm32f7xx_hal_ltdc.o
 .debug_aranges
                0x0000000000000570       0xa0 Drivers/STM32F7xx_HAL_Driver/Src/stm32f7xx_hal_pwr.o
 .debug_aranges
                0x0000000000000610       0x80 Drivers/STM32F7xx_HAL_Driver/Src/stm32f7xx_hal_pwr_ex.o
 .debug_aranges
                0x0000000000000690      0x168 Drivers/STM32F7xx_HAL_Driver/Src/stm32f7xx_hal_qspi.o
 .debug_aranges
                0x00000000000007f8       0x88 Drivers/STM32F7xx_HAL_Driver/Src/stm32f7xx_hal_rcc.o
 .debug_aranges
                0x0000000000000880       0x50 Drivers/STM32F7xx_HAL_Driver/Src/stm32f7xx_hal_rcc_ex.o
 .debug_aranges
                0x00000000000008d0       0xd0 Drivers/STM32F7xx_HAL_Driver/Src/stm32f7xx_hal_sdram.o
 .debug_aranges
                0x00000000000009a0      0x210 Drivers/STM32F7xx_HAL_Driver/Src/stm32f7xx_hal_uart.o
 .debug_aranges
                0x0000000000000bb0       0xc8 Drivers/STM32F7xx_HAL_Driver/Src/stm32f7xx_ll_fmc.o

.debug_ranges   0x0000000000000000      0xb70
 .debug_ranges  0x0000000000000000       0x68 Core/Src/main.o
 .debug_ranges  0x0000000000000068       0x60 Core/Src/stm32f7xx_hal_msp.o
 .debug_ranges  0x00000000000000c8       0x60 Core/Src/stm32f7xx_it.o
 .debug_ranges  0x0000000000000128       0x18 Core/Src/system_stm32f7xx.o
 .debug_ranges  0x0000000000000140       0x20 Core/Startup/startup_stm32f750n8hx.o
 .debug_ranges  0x0000000000000160       0xf0 Drivers/STM32F7xx_HAL_Driver/Src/stm32f7xx_hal.o
 .debug_ranges  0x0000000000000250      0x108 Drivers/STM32F7xx_HAL_Driver/Src/stm32f7xx_hal_cortex.o
 .debug_ranges  0x0000000000000358       0x48 Drivers/STM32F7xx_HAL_Driver/Src/stm32f7xx_hal_gpio.o
 .debug_ranges  0x00000000000003a0      0x148 Drivers/STM32F7xx_HAL_Driver/Src/stm32f7xx_hal_ltdc.o
 .debug_ranges  0x00000000000004e8       0x90 Drivers/STM32F7xx_HAL_Driver/Src/stm32f7xx_hal_pwr.o
 .debug_ranges  0x0000000000000578       0x70 Drivers/STM32F7xx_HAL_Driver/Src/stm32f7xx_hal_pwr_ex.o
 .debug_ranges  0x00000000000005e8      0x158 Drivers/STM32F7xx_HAL_Driver/Src/stm32f7xx_hal_qspi.o
 .debug_ranges  0x0000000000000740       0x78 Drivers/STM32F7xx_HAL_Driver/Src/stm32f7xx_hal_rcc.o
 .debug_ranges  0x00000000000007b8       0x40 Drivers/STM32F7xx_HAL_Driver/Src/stm32f7xx_hal_rcc_ex.o
 .debug_ranges  0x00000000000007f8       0xc0 Drivers/STM32F7xx_HAL_Driver/Src/stm32f7xx_hal_sdram.o
 .debug_ranges  0x00000000000008b8      0x200 Drivers/STM32F7xx_HAL_Driver/Src/stm32f7xx_hal_uart.o
 .debug_ranges  0x0000000000000ab8       0xb8 Drivers/STM32F7xx_HAL_Driver/Src/stm32f7xx_ll_fmc.o

.debug_macro    0x0000000000000000    0x26f04
 .debug_macro   0x0000000000000000      0x272 Core/Src/main.o
 .debug_macro   0x0000000000000272      0xa5a Core/Src/main.o
 .debug_macro   0x0000000000000ccc      0x195 Core/Src/main.o
 .debug_macro   0x0000000000000e61       0x2e Core/Src/main.o
 .debug_macro   0x0000000000000e8f       0x3b Core/Src/main.o
 .debug_macro   0x0000000000000eca       0x22 Core/Src/main.o
 .debug_macro   0x0000000000000eec       0x8e Core/Src/main.o
 .debug_macro   0x0000000000000f7a       0x51 Core/Src/main.o
 .debug_macro   0x0000000000000fcb       0xef Core/Src/main.o
 .debug_macro   0x00000000000010ba       0x6a Core/Src/main.o
 .debug_macro   0x0000000000001124      0x1df Core/Src/main.o
 .debug_macro   0x0000000000001303       0x1c Core/Src/main.o
 .debug_macro   0x000000000000131f       0x22 Core/Src/main.o
 .debug_macro   0x0000000000001341       0xdf Core/Src/main.o
 .debug_macro   0x0000000000001420     0x12cd Core/Src/main.o
 .debug_macro   0x00000000000026ed      0x11f Core/Src/main.o
 .debug_macro   0x000000000000280c       0x19 Core/Src/main.o
 .debug_macro   0x0000000000002825    0x19752 Core/Src/main.o
 .debug_macro   0x000000000001bf77       0x43 Core/Src/main.o
 .debug_macro   0x000000000001bfba     0x36b4 Core/Src/main.o
 .debug_macro   0x000000000001f66e      0x174 Core/Src/main.o
 .debug_macro   0x000000000001f7e2       0x61 Core/Src/main.o
 .debug_macro   0x000000000001f843     0x1939 Core/Src/main.o
 .debug_macro   0x000000000002117c      0x6c4 Core/Src/main.o
 .debug_macro   0x0000000000021840      0x185 Core/Src/main.o
 .debug_macro   0x00000000000219c5      0x117 Core/Src/main.o
 .debug_macro   0x0000000000021adc      0x1fe Core/Src/main.o
 .debug_macro   0x0000000000021cda       0x27 Core/Src/main.o
 .debug_macro   0x0000000000021d01      0x24f Core/Src/main.o
 .debug_macro   0x0000000000021f50       0x41 Core/Src/main.o
 .debug_macro   0x0000000000021f91       0x58 Core/Src/main.o
 .debug_macro   0x0000000000021fe9      0x236 Core/Src/main.o
 .debug_macro   0x000000000002221f      0x125 Core/Src/main.o
 .debug_macro   0x0000000000022344      0x231 Core/Src/main.o
 .debug_macro   0x0000000000022575       0x12 Core/Src/main.o
 .debug_macro   0x0000000000022587      0x514 Core/Src/main.o
 .debug_macro   0x0000000000022a9b      0x22c Core/Src/main.o
 .debug_macro   0x0000000000022cc7       0x5a Core/Src/main.o
 .debug_macro   0x0000000000022d21       0xa5 Core/Src/main.o
 .debug_macro   0x0000000000022dc6      0x198 Core/Src/main.o
 .debug_macro   0x0000000000022f5e       0xd6 Core/Src/main.o
 .debug_macro   0x0000000000023034      0x12f Core/Src/main.o
 .debug_macro   0x0000000000023163      0x108 Core/Src/main.o
 .debug_macro   0x000000000002326b       0x35 Core/Src/main.o
 .debug_macro   0x00000000000232a0      0x2d4 Core/Src/main.o
 .debug_macro   0x0000000000023574      0x53c Core/Src/main.o
 .debug_macro   0x0000000000023ab0       0x44 Core/Src/main.o
 .debug_macro   0x0000000000023af4      0x14e Core/Src/main.o
 .debug_macro   0x0000000000023c42      0x260 Core/Src/main.o
 .debug_macro   0x0000000000023ea2      0x1ed Core/Src/main.o
 .debug_macro   0x000000000002408f       0xb8 Core/Src/main.o
 .debug_macro   0x0000000000024147       0xa0 Core/Src/main.o
 .debug_macro   0x00000000000241e7       0x10 Core/Src/main.o
 .debug_macro   0x00000000000241f7      0x39e Core/Src/main.o
 .debug_macro   0x0000000000024595       0x2e Core/Src/main.o
 .debug_macro   0x00000000000245c3      0x8a1 Core/Src/main.o
 .debug_macro   0x0000000000024e64      0x272 Core/Src/stm32f7xx_hal_msp.o
 .debug_macro   0x00000000000250d6      0x27c Core/Src/stm32f7xx_it.o
 .debug_macro   0x0000000000025352      0x214 Core/Src/system_stm32f7xx.o
 .debug_macro   0x0000000000025566      0x232 Drivers/STM32F7xx_HAL_Driver/Src/stm32f7xx_hal.o
 .debug_macro   0x0000000000025798      0x20e Drivers/STM32F7xx_HAL_Driver/Src/stm32f7xx_hal_cortex.o
 .debug_macro   0x00000000000259a6      0x244 Drivers/STM32F7xx_HAL_Driver/Src/stm32f7xx_hal_gpio.o
 .debug_macro   0x0000000000025bea      0x20f Drivers/STM32F7xx_HAL_Driver/Src/stm32f7xx_hal_ltdc.o
 .debug_macro   0x0000000000025df9      0x22c Drivers/STM32F7xx_HAL_Driver/Src/stm32f7xx_hal_pwr.o
 .debug_macro   0x0000000000026025      0x226 Drivers/STM32F7xx_HAL_Driver/Src/stm32f7xx_hal_pwr_ex.o
 .debug_macro   0x000000000002624b      0x232 Drivers/STM32F7xx_HAL_Driver/Src/stm32f7xx_hal_qspi.o
 .debug_macro   0x000000000002647d      0x232 Drivers/STM32F7xx_HAL_Driver/Src/stm32f7xx_hal_rcc.o
 .debug_macro   0x00000000000266af      0x20e Drivers/STM32F7xx_HAL_Driver/Src/stm32f7xx_hal_rcc_ex.o
 .debug_macro   0x00000000000268bd      0x20e Drivers/STM32F7xx_HAL_Driver/Src/stm32f7xx_hal_sdram.o
 .debug_macro   0x0000000000026acb      0x22b Drivers/STM32F7xx_HAL_Driver/Src/stm32f7xx_hal_uart.o
 .debug_macro   0x0000000000026cf6      0x20e Drivers/STM32F7xx_HAL_Driver/Src/stm32f7xx_ll_fmc.o

.debug_line     0x0000000000000000     0xaec2
 .debug_line    0x0000000000000000      0xc24 Core/Src/main.o
 .debug_line    0x0000000000000c24      0xa8a Core/Src/stm32f7xx_hal_msp.o
 .debug_line    0x00000000000016ae      0x9fa Core/Src/stm32f7xx_it.o
 .debug_line    0x00000000000020a8      0x74e Core/Src/system_stm32f7xx.o
 .debug_line    0x00000000000027f6       0x85 Core/Startup/startup_stm32f750n8hx.o
 .debug_line    0x000000000000287b      0x95d Drivers/STM32F7xx_HAL_Driver/Src/stm32f7xx_hal.o
 .debug_line    0x00000000000031d8      0xa5e Drivers/STM32F7xx_HAL_Driver/Src/stm32f7xx_hal_cortex.o
 .debug_line    0x0000000000003c36      0x942 Drivers/STM32F7xx_HAL_Driver/Src/stm32f7xx_hal_gpio.o
 .debug_line    0x0000000000004578     0x100c Drivers/STM32F7xx_HAL_Driver/Src/stm32f7xx_hal_ltdc.o
 .debug_line    0x0000000000005584      0x8a2 Drivers/STM32F7xx_HAL_Driver/Src/stm32f7xx_hal_pwr.o
 .debug_line    0x0000000000005e26      0x87e Drivers/STM32F7xx_HAL_Driver/Src/stm32f7xx_hal_pwr_ex.o
 .debug_line    0x00000000000066a4      0xdac Drivers/STM32F7xx_HAL_Driver/Src/stm32f7xx_hal_qspi.o
 .debug_line    0x0000000000007450      0x9d3 Drivers/STM32F7xx_HAL_Driver/Src/stm32f7xx_hal_rcc.o
 .debug_line    0x0000000000007e23      0x945 Drivers/STM32F7xx_HAL_Driver/Src/stm32f7xx_hal_rcc_ex.o
 .debug_line    0x0000000000008768      0xa91 Drivers/STM32F7xx_HAL_Driver/Src/stm32f7xx_hal_sdram.o
 .debug_line    0x00000000000091f9     0x12e4 Drivers/STM32F7xx_HAL_Driver/Src/stm32f7xx_hal_uart.o
 .debug_line    0x000000000000a4dd      0x9e5 Drivers/STM32F7xx_HAL_Driver/Src/stm32f7xx_ll_fmc.o

.debug_str      0x0000000000000000    0xf02ad
 .debug_str     0x0000000000000000    0xecf2c Core/Src/main.o
                                      0xed70f (size before relaxing)
 .debug_str     0x00000000000ecf2c      0x646 Core/Src/stm32f7xx_hal_msp.o
                                      0xed6ad (size before relaxing)
 .debug_str     0x00000000000ed572       0xd0 Core/Src/stm32f7xx_it.o
                                      0xec759 (size before relaxing)
 .debug_str     0x00000000000ed642       0x70 Core/Src/system_stm32f7xx.o
                                      0xe6e1c (size before relaxing)
 .debug_str     0x00000000000ed6b2       0x36 Core/Startup/startup_stm32f750n8hx.o
                                         0x82 (size before relaxing)
 .debug_str     0x00000000000ed6e8      0x38c Drivers/STM32F7xx_HAL_Driver/Src/stm32f7xx_hal.o
                                      0xe76dd (size before relaxing)
 .debug_str     0x00000000000eda74      0x305 Drivers/STM32F7xx_HAL_Driver/Src/stm32f7xx_hal_cortex.o
                                      0xe7784 (size before relaxing)
 .debug_str     0x00000000000edd79      0x244 Drivers/STM32F7xx_HAL_Driver/Src/stm32f7xx_hal_gpio.o
                                      0xe6ff2 (size before relaxing)
 .debug_str     0x00000000000edfbd      0x4a7 Drivers/STM32F7xx_HAL_Driver/Src/stm32f7xx_hal_ltdc.o
                                      0xe738a (size before relaxing)
 .debug_str     0x00000000000ee464      0x2c5 Drivers/STM32F7xx_HAL_Driver/Src/stm32f7xx_hal_pwr.o
                                      0xe70d4 (size before relaxing)
 .debug_str     0x00000000000ee729      0x1bd Drivers/STM32F7xx_HAL_Driver/Src/stm32f7xx_hal_pwr_ex.o
                                      0xe7096 (size before relaxing)
 .debug_str     0x00000000000ee8e6      0x6f8 Drivers/STM32F7xx_HAL_Driver/Src/stm32f7xx_hal_qspi.o
                                      0xe7743 (size before relaxing)
 .debug_str     0x00000000000eefde      0x26d Drivers/STM32F7xx_HAL_Driver/Src/stm32f7xx_hal_rcc.o
                                      0xe7137 (size before relaxing)
 .debug_str     0x00000000000ef24b      0x161 Drivers/STM32F7xx_HAL_Driver/Src/stm32f7xx_hal_rcc_ex.o
                                      0xe70c1 (size before relaxing)
 .debug_str     0x00000000000ef3ac      0x2a9 Drivers/STM32F7xx_HAL_Driver/Src/stm32f7xx_hal_sdram.o
                                      0xe732a (size before relaxing)
 .debug_str     0x00000000000ef655      0x7e1 Drivers/STM32F7xx_HAL_Driver/Src/stm32f7xx_hal_uart.o
                                      0xe797b (size before relaxing)
 .debug_str     0x00000000000efe36      0x477 Drivers/STM32F7xx_HAL_Driver/Src/stm32f7xx_ll_fmc.o
                                      0xe727a (size before relaxing)

.comment        0x0000000000000000       0x7b
 .comment       0x0000000000000000       0x7b Core/Src/main.o
                                         0x7c (size before relaxing)
 .comment       0x000000000000007b       0x7c Core/Src/stm32f7xx_hal_msp.o
 .comment       0x000000000000007b       0x7c Core/Src/stm32f7xx_it.o
 .comment       0x000000000000007b       0x7c Core/Src/system_stm32f7xx.o
 .comment       0x000000000000007b       0x7c Drivers/STM32F7xx_HAL_Driver/Src/stm32f7xx_hal.o
 .comment       0x000000000000007b       0x7c Drivers/STM32F7xx_HAL_Driver/Src/stm32f7xx_hal_cortex.o
 .comment       0x000000000000007b       0x7c Drivers/STM32F7xx_HAL_Driver/Src/stm32f7xx_hal_gpio.o
 .comment       0x000000000000007b       0x7c Drivers/STM32F7xx_HAL_Driver/Src/stm32f7xx_hal_ltdc.o
 .comment       0x000000000000007b       0x7c Drivers/STM32F7xx_HAL_Driver/Src/stm32f7xx_hal_pwr.o
 .comment       0x000000000000007b       0x7c Drivers/STM32F7xx_HAL_Driver/Src/stm32f7xx_hal_pwr_ex.o
 .comment       0x000000000000007b       0x7c Drivers/STM32F7xx_HAL_Driver/Src/stm32f7xx_hal_qspi.o
 .comment       0x000000000000007b       0x7c Drivers/STM32F7xx_HAL_Driver/Src/stm32f7xx_hal_rcc.o
 .comment       0x000000000000007b       0x7c Drivers/STM32F7xx_HAL_Driver/Src/stm32f7xx_hal_rcc_ex.o
 .comment       0x000000000000007b       0x7c Drivers/STM32F7xx_HAL_Driver/Src/stm32f7xx_hal_sdram.o
 .comment       0x000000000000007b       0x7c Drivers/STM32F7xx_HAL_Driver/Src/stm32f7xx_hal_uart.o
 .comment       0x000000000000007b       0x7c Drivers/STM32F7xx_HAL_Driver/Src/stm32f7xx_ll_fmc.o

.debug_frame    0x0000000000000000     0x3344
 .debug_frame   0x0000000000000000      0x1a4 Core/Src/main.o
 .debug_frame   0x00000000000001a4      0x198 Core/Src/stm32f7xx_hal_msp.o
 .debug_frame   0x000000000000033c      0x144 Core/Src/stm32f7xx_it.o
 .debug_frame   0x0000000000000480       0x58 Core/Src/system_stm32f7xx.o
 .debug_frame   0x00000000000004d8      0x3b4 Drivers/STM32F7xx_HAL_Driver/Src/stm32f7xx_hal.o
 .debug_frame   0x000000000000088c      0x498 Drivers/STM32F7xx_HAL_Driver/Src/stm32f7xx_hal_cortex.o
 .debug_frame   0x0000000000000d24      0x14c Drivers/STM32F7xx_HAL_Driver/Src/stm32f7xx_hal_gpio.o
 .debug_frame   0x0000000000000e70      0x61c Drivers/STM32F7xx_HAL_Driver/Src/stm32f7xx_hal_ltdc.o
 .debug_frame   0x000000000000148c      0x254 Drivers/STM32F7xx_HAL_Driver/Src/stm32f7xx_hal_pwr.o
 .debug_frame   0x00000000000016e0      0x1c8 Drivers/STM32F7xx_HAL_Driver/Src/stm32f7xx_hal_pwr_ex.o
 .debug_frame   0x00000000000018a8      0x680 Drivers/STM32F7xx_HAL_Driver/Src/stm32f7xx_hal_qspi.o
 .debug_frame   0x0000000000001f28      0x1f4 Drivers/STM32F7xx_HAL_Driver/Src/stm32f7xx_hal_rcc.o
 .debug_frame   0x000000000000211c      0x118 Drivers/STM32F7xx_HAL_Driver/Src/stm32f7xx_hal_rcc_ex.o
 .debug_frame   0x0000000000002234      0x37c Drivers/STM32F7xx_HAL_Driver/Src/stm32f7xx_hal_sdram.o
 .debug_frame   0x00000000000025b0      0x96c Drivers/STM32F7xx_HAL_Driver/Src/stm32f7xx_hal_uart.o
 .debug_frame   0x0000000000002f1c      0x37c Drivers/STM32F7xx_HAL_Driver/Src/stm32f7xx_ll_fmc.o
 .debug_frame   0x0000000000003298       0x2c c:/st/stm32cubeide_1.3.0/stm32cubeide/plugins/com.st.stm32cube.ide.mcu.externaltools.gnu-tools-for-stm32.7-2018-q2-update.win32_1.0.0.201904181610/tools/bin/../lib/gcc/arm-none-eabi/7.3.1/../../../../arm-none-eabi/lib/thumb/v7e-m/fpv4-sp/hard\libc_nano.a(lib_a-init.o)
 .debug_frame   0x00000000000032c4       0x20 c:/st/stm32cubeide_1.3.0/stm32cubeide/plugins/com.st.stm32cube.ide.mcu.externaltools.gnu-tools-for-stm32.7-2018-q2-update.win32_1.0.0.201904181610/tools/bin/../lib/gcc/arm-none-eabi/7.3.1/../../../../arm-none-eabi/lib/thumb/v7e-m/fpv4-sp/hard\libc_nano.a(lib_a-memset.o)
 .debug_frame   0x00000000000032e4       0x2c c:/st/stm32cubeide_1.3.0/stm32cubeide/plugins/com.st.stm32cube.ide.mcu.externaltools.gnu-tools-for-stm32.7-2018-q2-update.win32_1.0.0.201904181610/tools/bin/../lib/gcc/arm-none-eabi/7.3.1/thumb/v7e-m/fpv4-sp/hard\libgcc.a(_aeabi_uldivmod.o)
 .debug_frame   0x0000000000003310       0x34 c:/st/stm32cubeide_1.3.0/stm32cubeide/plugins/com.st.stm32cube.ide.mcu.externaltools.gnu-tools-for-stm32.7-2018-q2-update.win32_1.0.0.201904181610/tools/bin/../lib/gcc/arm-none-eabi/7.3.1/thumb/v7e-m/fpv4-sp/hard\libgcc.a(_udivmoddi4.o)
