core_cm7.h:2229:22:SCB_EnableICache	4	static,ignoring_inline_asm
core_cm7.h:2281:22:SCB_EnableDCache	24	static,ignoring_inline_asm
main.c:78:5:main	8	static
main.c:125:6:SystemClock_Config	216	static
main.c:191:13:MX_LTDC_Init	64	static
main.c:253:13:MX_QUADSPI_Init	8	static
main.c:288:13:MX_USART6_UART_Init	8	static
main.c:319:13:MX_FMC_Init	40	static
main.c:370:13:MX_GPIO_Init	72	static
main.c:744:6:MPU_Config	24	static
main.c:829:13:CPU_CACHE_Enable	8	static
main.c:843:6:Error_Handler	4	static
