stm32f7xx_hal_msp.c:64:6:HAL_MspInit	16	static
stm32f7xx_hal_msp.c:86:6:HAL_LTDC_MspInit	64	static
stm32f7xx_hal_msp.c:189:6:HAL_LTDC_MspDeInit	16	static
stm32f7xx_hal_msp.c:259:6:HAL_QSPI_MspInit	56	static
stm32f7xx_hal_msp.c:322:6:HAL_QSPI_MspDeInit	16	static
stm32f7xx_hal_msp.c:359:6:HAL_UART_MspInit	48	static
stm32f7xx_hal_msp.c:395:6:HAL_UART_MspDeInit	16	static
stm32f7xx_hal_msp.c:420:13:HAL_FMC_MspInit	32	static
stm32f7xx_hal_msp.c:526:6:HAL_SDRAM_MspInit	16	static
stm32f7xx_hal_msp.c:538:13:HAL_FMC_MspDeInit	8	static
stm32f7xx_hal_msp.c:612:6:HAL_SDRAM_MspDeInit	16	static
